Installing dependencies...
Cloning into: https://github.com/lancaster-university/codal-core
Cloning into 'codal-core'...
Checking out branch: 1bc6d4d10c47f4fe34e2a54004530d5071e892d4
HEAD is now at 1bc6d4d ST7735 driver fix for screen hanging. (#186)
Cloning into: https://github.com/lancaster-university/codal-nrf52
Cloning into 'codal-nrf52'...
Submodule 'nrfx' (https://github.com/NordicSemiconductor/nrfx) registered for path 'nrfx'
Cloning into '/home/build/prjclone/libraries/codal-nrf52/nrfx'...
Checking out branch: 1fbb7240290fe36a55c61378f5cdeb7640f3ec4a
HEAD is now at 1fbb724 Merge pull request #56 from lancaster-university/audio-refactor
Using library: codal-nrf52833-dk
Using library: codal-core
fatal: No names found, cannot describe anything.
Using library: codal-nrf52
/tmp/ccikdHX6.s: Assembler messages:
/tmp/ccikdHX6.s:110: Warning: setting incorrect section attributes for .data.ramfuncs
/home/build/prjclone/libraries/codal-nrf52833-dk/source/MicroBitCompass.cpp: In static member function 'static codal::Compass& MicroBitCompass::autoDetect(codal::MicroBitI2C&)':
/home/build/prjclone/libraries/codal-nrf52833-dk/source/MicroBitCompass.cpp:70:57: error: invalid new-expression of abstract class type 'codal::Compass'
         MicroBitCompass::detectedCompass = new Compass(c);
                                                         ^
In file included from /home/build/prjclone/libraries/codal-nrf52833-dk/inc/compat/MicroBitCompat.h:38:0,
                 from /home/build/prjclone/libraries/codal-nrf52833-dk/inc/MicroBitConfig.h:6,
                 from /home/build/prjclone/libraries/codal-nrf52833-dk/inc/MicroBitCompass.h:28,
                 from /home/build/prjclone/libraries/codal-nrf52833-dk/source/MicroBitCompass.cpp:25:
/home/build/prjclone/libraries/codal-core/inc/driver-models/Compass.h:70:11: note:   because the following virtual functions are pure within 'codal::Compass':
     class Compass : public CodalComponent
           ^~~~~~~
/home/build/prjclone/libraries/codal-core/inc/driver-models/Compass.h:201:21: note:     virtual int codal::Compass::configure()
         virtual int configure() = 0;
                     ^~~~~~~~~
/home/build/prjclone/libraries/codal-core/inc/driver-models/Compass.h:234:21: note:     virtual int codal::Compass::requestUpdate()
         virtual int requestUpdate() = 0;
                     ^~~~~~~~~~~~~
make[2]: *** [libraries/codal-nrf52833-dk/CMakeFiles/codal-nrf52833-dk.dir/source/MicroBitCompass.cpp.o] Error 1
make[2]: *** Waiting for unfinished jobs....
In file included from /home/build/prjclone/libraries/codal-nrf52833-dk/inc/MicroBitAudio.h:29:0,
                 from /home/build/prjclone/libraries/codal-nrf52833-dk/source/MicroBitAudio.cpp:26:
/home/build/prjclone/libraries/codal-nrf52833-dk/inc/SoundEmojiSynthesizer.h:193:13: error: conflicting return type specified for 'virtual int codal::SoundEmojiSynthesizer::getSampleRate()'
         int getSampleRate();
             ^~~~~~~~~~~~~
In file included from /home/build/prjclone/libraries/codal-nrf52/inc/NRF52PWM.h:5:0,
                 from /home/build/prjclone/libraries/codal-nrf52/inc/NRF52Pin.h:32,
                 from /home/build/prjclone/libraries/codal-nrf52/inc/NRF52PWM.h:4,
                 from /home/build/prjclone/libraries/codal-nrf52833-dk/inc/MicroBitAudio.h:28,
                 from /home/build/prjclone/libraries/codal-nrf52833-dk/source/MicroBitAudio.cpp:26:
/home/build/prjclone/libraries/codal-core/./inc/streams/DataStream.h:80:27: error:   overriding 'virtual float codal::DataSource::getSampleRate()'
             virtual float getSampleRate();
                           ^~~~~~~~~~~~~
In file included from /home/build/prjclone/libraries/codal-nrf52833-dk/inc/MicroBitAudio.h:31:0,
                 from /home/build/prjclone/libraries/codal-nrf52833-dk/source/MicroBitAudio.cpp:26:
/home/build/prjclone/libraries/codal-nrf52833-dk/inc/Mixer2.h:185:9: error: conflicting return type specified for 'virtual int codal::Mixer2::getSampleRate()'
     int getSampleRate();
         ^~~~~~~~~~~~~
In file included from /home/build/prjclone/libraries/codal-nrf52/inc/NRF52PWM.h:5:0,
                 from /home/build/prjclone/libraries/codal-nrf52/inc/NRF52Pin.h:32,
                 from /home/build/prjclone/libraries/codal-nrf52/inc/NRF52PWM.h:4,
                 from /home/build/prjclone/libraries/codal-nrf52833-dk/inc/MicroBitAudio.h:28,
                 from /home/build/prjclone/libraries/codal-nrf52833-dk/source/MicroBitAudio.cpp:26:
/home/build/prjclone/libraries/codal-core/./inc/streams/DataStream.h:80:27: error:   overriding 'virtual float codal::DataSource::getSampleRate()'
             virtual float getSampleRate();
                           ^~~~~~~~~~~~~
/home/build/prjclone/libraries/codal-nrf52833-dk/source/MicroBitAccelerometer.cpp: In static member function 'static codal::Accelerometer& MicroBitAccelerometer::autoDetect(codal::MicroBitI2C&)':
/home/build/prjclone/libraries/codal-nrf52833-dk/source/MicroBitAccelerometer.cpp:93:93: error: invalid new-expression of abstract class type 'codal::Accelerometer'
             MicroBitAccelerometer::detectedAccelerometer = new Accelerometer(coordinateSpace);
                                                                                             ^
In file included from /home/build/prjclone/libraries/codal-nrf52833-dk/inc/compat/MicroBitCompat.h:34:0,
                 from /home/build/prjclone/libraries/codal-nrf52833-dk/inc/MicroBitAccelerometer.h:29,
                 from /home/build/prjclone/libraries/codal-nrf52833-dk/source/MicroBitAccelerometer.cpp:25:
/home/build/prjclone/libraries/codal-core/inc/driver-models/Accelerometer.h:104:11: note:   because the following virtual functions are pure within 'codal::Accelerometer':
     class Accelerometer : public CodalComponent
           ^~~~~~~~~~~~~
/home/build/prjclone/libraries/codal-core/inc/driver-models/Accelerometer.h:187:21: note:       virtual int codal::Accelerometer::configure()
         virtual int configure() = 0;
                     ^~~~~~~~~
/home/build/prjclone/libraries/codal-core/inc/driver-models/Accelerometer.h:200:21: note:       virtual int codal::Accelerometer::requestUpdate()
         virtual int requestUpdate() = 0;
                     ^~~~~~~~~~~~~
make[2]: *** [libraries/codal-nrf52833-dk/CMakeFiles/codal-nrf52833-dk.dir/source/MicroBitAudio.cpp.o] Error 1
make[2]: *** [libraries/codal-nrf52833-dk/CMakeFiles/codal-nrf52833-dk.dir/source/MicroBitAccelerometer.cpp.o] Error 1
make[1]: *** [libraries/codal-nrf52833-dk/CMakeFiles/codal-nrf52833-dk.dir/all] Error 2
make: *** [all] Error 2

-- The C compiler identification is GNU 7.3.1
-- The CXX compiler identification is GNU 7.3.1
-- Detecting C compiler ABI info
-- Detecting C compiler ABI info - done
-- Detecting C compile features
-- Detecting C compile features - done
-- Detecting CXX compiler ABI info
-- Detecting CXX compiler ABI info - done
-- Detecting CXX compile features
-- Detecting CXX compile features - done
-- The ASM compiler identification is GNU
-- Found assembler: /usr/bin/arm-none-eabi-gcc
-- Adding library path: (/home/build/prjclone/libraries)
Submodule path 'nrfx': checked out '281cc2e178fd9a470d844b3afdea9eb322a0b0e8'
Synchronizing submodule url for 'nrfx'
-- Configuring done
-- Generating done
-- Build files have been written to: /home/build/prjclone/build
Scanning dependencies of target codal-core
[  0%] Building CXX object libraries/codal-core/CMakeFiles/codal-core.dir/source/core/CodalAssert.cpp.o
[  1%] Building CXX object libraries/codal-core/CMakeFiles/codal-core.dir/source/core/CodalCompat.cpp.o
[  2%] Building CXX object libraries/codal-core/CMakeFiles/codal-core.dir/source/core/CodalDevice.cpp.o
[  3%] Building CXX object libraries/codal-core/CMakeFiles/codal-core.dir/source/core/CodalUtil.cpp.o
[  3%] Building CXX object libraries/codal-core/CMakeFiles/codal-core.dir/source/core/CodalComponent.cpp.o
[  4%] Building CXX object libraries/codal-core/CMakeFiles/codal-core.dir/source/core/CodalFiber.cpp.o
[  4%] Building CXX object libraries/codal-core/CMakeFiles/codal-core.dir/source/core/CodalDmesg.cpp.o
[  4%] Building CXX object libraries/codal-core/CMakeFiles/codal-core.dir/source/core/CodalListener.cpp.o
[  4%] Building CXX object libraries/codal-core/CMakeFiles/codal-core.dir/source/core/MemberFunctionCallback.cpp.o
[  5%] Building CXX object libraries/codal-core/CMakeFiles/codal-core.dir/source/core/CodalHeapAllocator.cpp.o
[  5%] Building CXX object libraries/codal-core/CMakeFiles/codal-core.dir/source/core/gcc_compat.cpp.o
[  6%] Building CXX object libraries/codal-core/CMakeFiles/codal-core.dir/source/core/codal_default_target_hal.cpp.o
[  7%] Building CXX object libraries/codal-core/CMakeFiles/codal-core.dir/source/driver-models/AbstractButton.cpp.o
[  7%] Building CXX object libraries/codal-core/CMakeFiles/codal-core.dir/source/driver-models/Accelerometer.cpp.o
[  8%] Building CXX object libraries/codal-core/CMakeFiles/codal-core.dir/source/driver-models/CodalUSB.cpp.o
[  9%] Building CXX object libraries/codal-core/CMakeFiles/codal-core.dir/source/driver-models/Compass.cpp.o
[  9%] Building CXX object libraries/codal-core/CMakeFiles/codal-core.dir/source/driver-models/Display.cpp.o
[ 10%] Building CXX object libraries/codal-core/CMakeFiles/codal-core.dir/source/driver-models/Gyroscope.cpp.o
[ 10%] Building CXX object libraries/codal-core/CMakeFiles/codal-core.dir/source/driver-models/I2C.cpp.o
[ 11%] Building CXX object libraries/codal-core/CMakeFiles/codal-core.dir/source/driver-models/PinPeripheral.cpp.o
[ 12%] Building CXX object libraries/codal-core/CMakeFiles/codal-core.dir/source/driver-models/Sensor.cpp.o
[ 12%] Building CXX object libraries/codal-core/CMakeFiles/codal-core.dir/source/driver-models/SPI.cpp.o
[ 12%] Building CXX object libraries/codal-core/CMakeFiles/codal-core.dir/source/driver-models/Serial.cpp.o
[ 13%] Building CXX object libraries/codal-core/CMakeFiles/codal-core.dir/source/driver-models/Timer.cpp.o
[ 14%] Building CXX object libraries/codal-core/CMakeFiles/codal-core.dir/source/drivers/AnalogSensor.cpp.o
[ 14%] Building CXX object libraries/codal-core/CMakeFiles/codal-core.dir/source/drivers/AnimatedDisplay.cpp.o
[ 15%] Building CXX object libraries/codal-core/CMakeFiles/codal-core.dir/source/drivers/AsciiKeyMap.cpp.o
[ 16%] Building CXX object libraries/codal-core/CMakeFiles/codal-core.dir/source/drivers/FXOS8700.cpp.o
[ 16%] Building CXX object libraries/codal-core/CMakeFiles/codal-core.dir/source/drivers/Button.cpp.o
[ 16%] Building CXX object libraries/codal-core/CMakeFiles/codal-core.dir/source/drivers/GhostFAT.cpp.o
[ 17%] Building CXX object libraries/codal-core/CMakeFiles/codal-core.dir/source/drivers/HID.cpp.o
[ 17%] Building CXX object libraries/codal-core/CMakeFiles/codal-core.dir/source/drivers/HIDJoystick.cpp.o
[ 18%] Building CXX object libraries/codal-core/CMakeFiles/codal-core.dir/source/drivers/HIDKeyboard.cpp.o
[ 19%] Building CXX object libraries/codal-core/CMakeFiles/codal-core.dir/source/drivers/HIDMouse.cpp.o
[ 19%] Building CXX object libraries/codal-core/CMakeFiles/codal-core.dir/source/drivers/ILI9341.cpp.o
[ 20%] Building CXX object libraries/codal-core/CMakeFiles/codal-core.dir/source/drivers/KeyValueStorage.cpp.o
[ 20%] Building CXX object libraries/codal-core/CMakeFiles/codal-core.dir/source/drivers/LEDMatrix.cpp.o
[ 21%] Building CXX object libraries/codal-core/CMakeFiles/codal-core.dir/source/drivers/LIS3DH.cpp.o
[ 21%] Building CXX object libraries/codal-core/CMakeFiles/codal-core.dir/source/drivers/LSM303Accelerometer.cpp.o
[ 22%] Building CXX object libraries/codal-core/CMakeFiles/codal-core.dir/source/drivers/LSM303Magnetometer.cpp.o
[ 22%] Building CXX object libraries/codal-core/CMakeFiles/codal-core.dir/source/drivers/LinearAnalogSensor.cpp.o
[ 23%] Building CXX object libraries/codal-core/CMakeFiles/codal-core.dir/source/drivers/MAG3110.cpp.o
[ 24%] Building CXX object libraries/codal-core/CMakeFiles/codal-core.dir/source/drivers/MMA8653.cpp.o
[ 24%] Building CXX object libraries/codal-core/CMakeFiles/codal-core.dir/source/drivers/MPU6050.cpp.o
[ 25%] Building CXX object libraries/codal-core/CMakeFiles/codal-core.dir/source/drivers/MessageBus.cpp.o
[ 25%] Building CXX object libraries/codal-core/CMakeFiles/codal-core.dir/source/drivers/MultiButton.cpp.o
[ 26%] Building CXX object libraries/codal-core/CMakeFiles/codal-core.dir/source/drivers/NonLinearAnalogSensor.cpp.o
[ 26%] Building CXX object libraries/codal-core/CMakeFiles/codal-core.dir/source/drivers/PearsonHash.cpp.o
[ 27%] Building CXX object libraries/codal-core/CMakeFiles/codal-core.dir/source/drivers/PulseIn.cpp.o
[ 27%] Building CXX object libraries/codal-core/CMakeFiles/codal-core.dir/source/drivers/ST7735.cpp.o
[ 28%] Building CXX object libraries/codal-core/CMakeFiles/codal-core.dir/source/drivers/StandardSPIFlash.cpp.o
[ 29%] Building CXX object libraries/codal-core/CMakeFiles/codal-core.dir/source/drivers/ScreenIO.cpp.o
[ 29%] Building CXX object libraries/codal-core/CMakeFiles/codal-core.dir/source/drivers/TouchButton.cpp.o
[ 30%] Building CXX object libraries/codal-core/CMakeFiles/codal-core.dir/source/drivers/TouchSensor.cpp.o
[ 31%] Building CXX object libraries/codal-core/CMakeFiles/codal-core.dir/source/drivers/USBMSC.cpp.o
[ 31%] Building CXX object libraries/codal-core/CMakeFiles/codal-core.dir/source/streams/DataStream.cpp.o
[ 31%] Building CXX object libraries/codal-core/CMakeFiles/codal-core.dir/source/streams/EffectFilter.cpp.o
[ 32%] Building CXX object libraries/codal-core/CMakeFiles/codal-core.dir/source/streams/LevelDetector.cpp.o
[ 32%] Building CXX object libraries/codal-core/CMakeFiles/codal-core.dir/source/streams/LevelDetectorSPL.cpp.o
[ 33%] Building CXX object libraries/codal-core/CMakeFiles/codal-core.dir/source/streams/LowPassFilter.cpp.o
[ 34%] Building CXX object libraries/codal-core/CMakeFiles/codal-core.dir/source/streams/MemorySource.cpp.o
[ 35%] Building CXX object libraries/codal-core/CMakeFiles/codal-core.dir/source/streams/SerialStreamer.cpp.o
[ 35%] Building CXX object libraries/codal-core/CMakeFiles/codal-core.dir/source/streams/Mixer.cpp.o
[ 35%] Building CXX object libraries/codal-core/CMakeFiles/codal-core.dir/source/streams/StreamAnalyzer.cpp.o
[ 35%] Building CXX object libraries/codal-core/CMakeFiles/codal-core.dir/source/streams/StreamRecording.cpp.o
[ 36%] Building CXX object libraries/codal-core/CMakeFiles/codal-core.dir/source/streams/StreamSplitter.cpp.o
[ 37%] Building CXX object libraries/codal-core/CMakeFiles/codal-core.dir/source/streams/StreamNormalizer.cpp.o
[ 37%] Building CXX object libraries/codal-core/CMakeFiles/codal-core.dir/source/streams/Synthesizer.cpp.o
[ 38%] Building CXX object libraries/codal-core/CMakeFiles/codal-core.dir/source/types/BitmapFont.cpp.o
[ 38%] Building CXX object libraries/codal-core/CMakeFiles/codal-core.dir/source/types/Event.cpp.o
[ 39%] Building CXX object libraries/codal-core/CMakeFiles/codal-core.dir/source/types/CoordinateSystem.cpp.o
[ 40%] Building CXX object libraries/codal-core/CMakeFiles/codal-core.dir/source/types/Image.cpp.o
[ 40%] Building CXX object libraries/codal-core/CMakeFiles/codal-core.dir/source/types/ManagedBuffer.cpp.o
[ 41%] Building CXX object libraries/codal-core/CMakeFiles/codal-core.dir/source/types/ManagedString.cpp.o
[ 41%] Building CXX object libraries/codal-core/CMakeFiles/codal-core.dir/source/types/Matrix4.cpp.o
[ 42%] Building CXX object libraries/codal-core/CMakeFiles/codal-core.dir/source/types/RefCounted.cpp.o
[ 42%] Building CXX object libraries/codal-core/CMakeFiles/codal-core.dir/source/types/RefCountedInit.cpp.o
[ 43%] Linking CXX static library ../../libcodal-core.a
[ 43%] Built target codal-core
Scanning dependencies of target codal-nrf52
[ 43%] Building CXX object libraries/codal-nrf52/CMakeFiles/codal-nrf52.dir/source/NRF52I2C.cpp.o
[ 44%] Building CXX object libraries/codal-nrf52/CMakeFiles/codal-nrf52.dir/source/NRF52Pin.cpp.o
[ 45%] Building CXX object libraries/codal-nrf52/CMakeFiles/codal-nrf52.dir/source/NRF52ADC.cpp.o
[ 45%] Building CXX object libraries/codal-nrf52/CMakeFiles/codal-nrf52.dir/source/NRF52RadioEvent.cpp.o
[ 46%] Building CXX object libraries/codal-nrf52/CMakeFiles/codal-nrf52.dir/source/NRF52PDM.cpp.o
[ 47%] Building CXX object libraries/codal-nrf52/CMakeFiles/codal-nrf52.dir/source/NRF52RadioDatagram.cpp.o
[ 47%] Building CXX object libraries/codal-nrf52/CMakeFiles/codal-nrf52.dir/source/NRF52PWM.cpp.o
[ 48%] Building CXX object libraries/codal-nrf52/CMakeFiles/codal-nrf52.dir/source/NRF52SPI.cpp.o
[ 48%] Building CXX object libraries/codal-nrf52/CMakeFiles/codal-nrf52.dir/source/NRF52Radio.cpp.o
[ 49%] Building CXX object libraries/codal-nrf52/CMakeFiles/codal-nrf52.dir/source/NRF52Serial.cpp.o
[ 49%] Building CXX object libraries/codal-nrf52/CMakeFiles/codal-nrf52.dir/source/NRF52TouchSensor.cpp.o
[ 50%] Building CXX object libraries/codal-nrf52/CMakeFiles/codal-nrf52.dir/source/NRF52USB.cpp.o
[ 50%] Building CXX object libraries/codal-nrf52/CMakeFiles/codal-nrf52.dir/source/NRFLowLevelTimer.cpp.o
[ 51%] Building CXX object libraries/codal-nrf52/CMakeFiles/codal-nrf52.dir/source/WS2812B.cpp.o
[ 51%] Building CXX object libraries/codal-nrf52/CMakeFiles/codal-nrf52.dir/source/ZSingleWireSerial.cpp.o
[ 52%] Building CXX object libraries/codal-nrf52/CMakeFiles/codal-nrf52.dir/source/neopixel.cpp.o
[ 52%] Building CXX object libraries/codal-nrf52/CMakeFiles/codal-nrf52.dir/source/codal_target_hal_base.cpp.o
[ 53%] Building CXX object libraries/codal-nrf52/CMakeFiles/codal-nrf52.dir/source/peripheral_alloc.cpp.o
[ 53%] Building C object libraries/codal-nrf52/CMakeFiles/codal-nrf52.dir/nrfx/mdk/system_nrf52833.c.o
[ 54%] Building ASM object libraries/codal-nrf52/CMakeFiles/codal-nrf52.dir/asm/CortexContextSwitch.s.o
[ 55%] Building ASM object libraries/codal-nrf52/CMakeFiles/codal-nrf52.dir/nrfx_mods/mdk/gcc_startup_nrf52833.S.o
[ 55%] Linking CXX static library ../../libcodal-nrf52.a
[ 55%] Built target codal-nrf52
Scanning dependencies of target codal-nrf52833-dk
[ 56%] Building CXX object libraries/codal-nrf52833-dk/CMakeFiles/codal-nrf52833-dk.dir/source/MicroBitAccelerometer.cpp.o
[ 57%] Building CXX object libraries/codal-nrf52833-dk/CMakeFiles/codal-nrf52833-dk.dir/source/MicroBitFile.cpp.o
[ 58%] Building CXX object libraries/codal-nrf52833-dk/CMakeFiles/codal-nrf52833-dk.dir/source/MicroBitCompass.cpp.o
[ 58%] Building CXX object libraries/codal-nrf52833-dk/CMakeFiles/codal-nrf52833-dk.dir/source/MicroBitFileSystem.cpp.o
[ 59%] Building CXX object libraries/codal-nrf52833-dk/CMakeFiles/codal-nrf52833-dk.dir/source/MicroBitFlash.cpp.o
[ 61%] Building CXX object libraries/codal-nrf52833-dk/CMakeFiles/codal-nrf52833-dk.dir/source/MicroBitDevice.cpp.o
[ 61%] Building CXX object libraries/codal-nrf52833-dk/CMakeFiles/codal-nrf52833-dk.dir/source/MicroBitAudio.cpp.o
[ 60%] Building CXX object libraries/codal-nrf52833-dk/CMakeFiles/codal-nrf52833-dk.dir/source/MicroBitCompat.cpp.o
[ 61%] Building CXX object libraries/codal-nrf52833-dk/CMakeFiles/codal-nrf52833-dk.dir/source/MicroBitDisplay.cpp.o
[ 61%] Building CXX object libraries/codal-nrf52833-dk/CMakeFiles/codal-nrf52833-dk.dir/source/MicroBitCompassCalibrator.cpp.o
libraries/codal-nrf52833-dk/CMakeFiles/codal-nrf52833-dk.dir/build.make:110: recipe for target 'libraries/codal-nrf52833-dk/CMakeFiles/codal-nrf52833-dk.dir/source/MicroBitCompass.cpp.o' failed
libraries/codal-nrf52833-dk/CMakeFiles/codal-nrf52833-dk.dir/build.make:86: recipe for target 'libraries/codal-nrf52833-dk/CMakeFiles/codal-nrf52833-dk.dir/source/MicroBitAudio.cpp.o' failed
libraries/codal-nrf52833-dk/CMakeFiles/codal-nrf52833-dk.dir/build.make:62: recipe for target 'libraries/codal-nrf52833-dk/CMakeFiles/codal-nrf52833-dk.dir/source/MicroBitAccelerometer.cpp.o' failed
CMakeFiles/Makefile2:199: recipe for target 'libraries/codal-nrf52833-dk/CMakeFiles/codal-nrf52833-dk.dir/all' failed
Makefile:83: recipe for target 'all' failed

TypeError: Cannot read properties of null (reading 'length')
    at compressHex (/Users/tball/github/pxt/pxt-arcade/node_modules/pxt-core/built/pxt.js:105804:37)
    at /Users/tball/github/pxt/pxt-arcade/node_modules/pxt-core/built/pxt.js:105733:36
    at process.processTicksAndRejections (node:internal/process/task_queues:105:5)
    at async fillExtInfoAsync (/Users/tball/github/pxt/pxt-arcade/node_modules/pxt-core/built/pxt.js:114786:47)
    at async /Users/tball/github/pxt/pxt-arcade/node_modules/pxt-core/built/pxt.js:114829:33
    at async Promise.all (index 0)
    at async MainPackage.getCompileOptionsAsync (/Users/tball/github/pxt/pxt-arcade/node_modules/pxt-core/built/pxt.js:114825:13)
    at async /Users/tball/github/pxt/pxt-arcade/node_modules/pxt-core/built/pxt.js:164964:19
    at async /Users/tball/github/pxt/pxt-arcade/node_modules/pxt-core/built/pxt.js:99633:42
    at async Promise.all (index 0)
    at async promisePoolAsync (/Users/tball/github/pxt/pxt-arcade/node_modules/pxt-core/built/pxt.js:99639:21)
    at async buildTargetCoreAsync (/Users/tball/github/pxt/pxt-arcade/node_modules/pxt-core/built/pxt.js:164946:5)
    at async internalBuildTargetAsync (/Users/tball/github/pxt/pxt-arcade/node_modules/pxt-core/built/pxt.js:164045:9)
    at async buildTarget (/Users/tball/github/pxt/pxt-arcade/node_modules/pxt-core/built/pxt.js:165201:13)
    at async buildAndWatchTargetAsync (/Users/tball/github/pxt/pxt-arcade/node_modules/pxt-core/built/pxt.js:165233:5)
{
  sha: 'bf749ea79c75db229a7c1a151c94cfaf5da3679d43babab5d79d899a1878c2ac'
}
pxt_modules/base/pxt-core.d.ts(1,1): error TS9043: The hex file is not available, please connect to internet and try again.


***
*** Build failed: target build failed: Compiler test failed
Error: Compiler test failed
    at Object.userError (/Users/tball/github/pxt/pxt-arcade/node_modules/pxt-core/built/pxt.js:98981:25)
    at /Users/tball/github/pxt/pxt-arcade/node_modules/pxt-core/built/pxt.js:166434:19
    at async /Users/tball/github/pxt/pxt-arcade/node_modules/pxt-core/built/pxt.js:164964:19
    at async /Users/tball/github/pxt/pxt-arcade/node_modules/pxt-core/built/pxt.js:99633:42
    at async Promise.all (index 0)
    at async promisePoolAsync (/Users/tball/github/pxt/pxt-arcade/node_modules/pxt-core/built/pxt.js:99639:21)
    at async buildTargetCoreAsync (/Users/tball/github/pxt/pxt-arcade/node_modules/pxt-core/built/pxt.js:164946:5)
    at async internalBuildTargetAsync (/Users/tball/github/pxt/pxt-arcade/node_modules/pxt-core/built/pxt.js:164045:9)
    at async buildTarget (/Users/tball/github/pxt/pxt-arcade/node_modules/pxt-core/built/pxt.js:165201:13)
    at async buildAndWatchTargetAsync (/Users/tball/github/pxt/pxt-arcade/node_modules/pxt-core/built/pxt.js:165233:5)
***

Starting server in /Users/tball/github/pxt/pxt-arcade
With pxt core at /Users/tball/github/pxt/pxt-arcade/node_modules/pxt-core
starting local ws server at 3233...
Server listening on port 3232
---------------------------------------------

To launch the editor, open this URL:
http://localhost:3232/#local_token=a6f8d820-e700-4163-9352-01fcc53c5b74&wsport=3233

---------------------------------------------
opening http://localhost:3232/#local_token=a6f8d820-e700-4163-9352-01fcc53c5b74&wsport=3233
